nohup: ignoring input
2026-06-17 21:36:50,429 - PrecipitationPipeline - INFO - Initializing GEE with user OAuth credentials...
2026-06-17 21:36:51,246 - PrecipitationPipeline - INFO - GEE initialized with User Auth. Project: precipitation-dowscaling
2026-06-17 21:36:51,246 - PrecipitationPipeline - INFO - 
==================================================
Processing 2020-01 | target=oya
==================================================
2026-06-17 21:36:51,248 - PrecipitationPipeline - INFO - Days in month: 31 | Skipped (already local): 31
2026-06-17 21:36:51,248 - PrecipitationPipeline - INFO - -- Converting downloaded TIFFs to NPZ --
2026-06-17 21:36:51,248 - PrecipitationPipeline - INFO - Starting NPZ conversion for target: oya
2026-06-17 21:36:51,287 - PrecipitationPipeline - INFO - Found 8001 oya files.
2026-06-17 21:36:51,778 - PrecipitationPipeline - ERROR - Error processing 2025-07-22: './data/raw/era5_pl/2025/07/era5_pl_2025-07-22.tif' not recognized as being in a supported file format.
2026-06-17 21:36:52,224 - PrecipitationPipeline - ERROR - Error processing 2025-07-23: './data/raw/era5_pl/2025/07/era5_pl_2025-07-23.tif' not recognized as being in a supported file format.
2026-06-17 21:36:52,244 - PrecipitationPipeline - ERROR - Error processing 2004-10-16: './data/raw/oya/2004/10/oya_2004-10-16.tif' not recognized as being in a supported file format.
2026-06-17 21:36:54,529 - PrecipitationPipeline - INFO - Created ./data/processed/oya/val/2022-07-15.npz
2026-06-17 21:36:56,834 - PrecipitationPipeline - INFO - Created ./data/processed/oya/val/2022-07-01.npz
2026-06-17 21:36:58,928 - PrecipitationPipeline - INFO - Created ./data/processed/oya/train/2016-04-07.npz
2026-06-17 21:37:00,974 - PrecipitationPipeline - INFO - Created ./data/processed/oya/train/2016-04-16.npz
2026-06-17 21:37:03,016 - PrecipitationPipeline - INFO - Created ./data/processed/oya/train/2016-04-14.npz
2026-06-17 21:37:05,060 - PrecipitationPipeline - INFO - Created ./data/processed/oya/train/2016-03-03.npz
2026-06-17 21:37:07,137 - PrecipitationPipeline - INFO - Created ./data/processed/oya/train/2016-02-18.npz
2026-06-17 21:37:09,179 - PrecipitationPipeline - INFO - Created ./data/processed/oya/train/2016-01-09.npz
2026-06-17 21:37:11,217 - PrecipitationPipeline - INFO - Created ./data/processed/oya/train/2016-01-04.npz
2026-06-17 21:37:13,294 - PrecipitationPipeline - INFO - Created ./data/processed/oya/train/2016-01-30.npz
2026-06-17 21:37:15,321 - PrecipitationPipeline - INFO - Created ./data/processed/oya/train/2016-01-08.npz
2026-06-17 21:37:17,416 - PrecipitationPipeline - INFO - Created ./data/processed/oya/train/2016-01-31.npz
2026-06-17 21:37:19,452 - PrecipitationPipeline - INFO - Created ./data/processed/oya/train/2016-11-04.npz
2026-06-17 21:37:21,516 - PrecipitationPipeline - INFO - Created ./data/processed/oya/train/2016-11-13.npz
2026-06-17 21:37:23,563 - PrecipitationPipeline - INFO - Created ./data/processed/oya/train/2016-11-27.npz
2026-06-17 21:37:25,594 - PrecipitationPipeline - INFO - Created ./data/processed/oya/train/2016-11-02.npz
2026-06-17 21:37:27,639 - PrecipitationPipeline - INFO - Created ./data/processed/oya/train/2016-10-07.npz
2026-06-17 21:37:29,680 - PrecipitationPipeline - INFO - Created ./data/processed/oya/train/2016-10-19.npz
2026-06-17 21:37:31,711 - PrecipitationPipeline - INFO - Created ./data/processed/oya/train/2016-10-02.npz
2026-06-17 21:37:33,753 - PrecipitationPipeline - INFO - Created ./data/processed/oya/train/2016-10-27.npz
2026-06-17 21:37:35,813 - PrecipitationPipeline - INFO - Created ./data/processed/oya/train/2016-10-06.npz
2026-06-17 21:37:37,852 - PrecipitationPipeline - INFO - Created ./data/processed/oya/train/2016-10-24.npz
2026-06-17 21:37:39,882 - PrecipitationPipeline - INFO - Created ./data/processed/oya/train/2016-09-04.npz
2026-06-17 21:37:41,922 - PrecipitationPipeline - INFO - Created ./data/processed/oya/train/2016-09-23.npz
2026-06-17 21:37:43,950 - PrecipitationPipeline - INFO - Created ./data/processed/oya/train/2016-05-15.npz
2026-06-17 21:37:45,981 - PrecipitationPipeline - INFO - Created ./data/processed/oya/train/2016-05-27.npz
2026-06-17 21:37:47,995 - PrecipitationPipeline - INFO - Created ./data/processed/oya/train/2016-05-31.npz
2026-06-17 21:37:50,030 - PrecipitationPipeline - INFO - Created ./data/processed/oya/train/2016-08-27.npz
2026-06-17 21:37:52,056 - PrecipitationPipeline - INFO - Created ./data/processed/oya/train/2016-08-08.npz
2026-06-17 21:37:54,077 - PrecipitationPipeline - INFO - Created ./data/processed/oya/train/2016-07-04.npz
2026-06-17 21:37:56,100 - PrecipitationPipeline - INFO - Created ./data/processed/oya/train/2016-07-05.npz
2026-06-17 21:37:58,120 - PrecipitationPipeline - INFO - Created ./data/processed/oya/train/2016-07-24.npz
2026-06-17 21:38:00,148 - PrecipitationPipeline - INFO - Created ./data/processed/oya/train/2016-07-14.npz
2026-06-17 21:38:02,181 - PrecipitationPipeline - INFO - Created ./data/processed/oya/train/2016-07-15.npz
2026-06-17 21:38:04,357 - PrecipitationPipeline - INFO - Created ./data/processed/oya/train/2017-12-19.npz
2026-06-17 21:38:06,580 - PrecipitationPipeline - INFO - Created ./data/processed/oya/train/2017-12-25.npz
2026-06-17 21:38:08,633 - PrecipitationPipeline - INFO - Created ./data/processed/oya/train/2017-12-10.npz
2026-06-17 21:38:10,836 - PrecipitationPipeline - INFO - Created ./data/processed/oya/train/2017-12-23.npz
2026-06-17 21:38:13,028 - PrecipitationPipeline - INFO - Created ./data/processed/oya/train/2017-12-16.npz
2026-06-17 21:38:15,215 - PrecipitationPipeline - INFO - Created ./data/processed/oya/train/2017-12-21.npz
2026-06-17 21:38:17,273 - PrecipitationPipeline - INFO - Created ./data/processed/oya/train/2017-04-09.npz
2026-06-17 21:38:19,302 - PrecipitationPipeline - INFO - Created ./data/processed/oya/train/2017-04-26.npz
2026-06-17 21:38:21,355 - PrecipitationPipeline - INFO - Created ./data/processed/oya/train/2017-04-03.npz
2026-06-17 21:38:23,414 - PrecipitationPipeline - INFO - Created ./data/processed/oya/train/2017-04-07.npz
2026-06-17 21:38:25,453 - PrecipitationPipeline - INFO - Created ./data/processed/oya/train/2017-03-24.npz
2026-06-17 21:38:27,505 - PrecipitationPipeline - INFO - Created ./data/processed/oya/train/2017-03-08.npz
2026-06-17 21:38:29,543 - PrecipitationPipeline - INFO - Created ./data/processed/oya/train/2017-02-11.npz
2026-06-17 21:38:31,577 - PrecipitationPipeline - INFO - Created ./data/processed/oya/train/2017-02-04.npz
2026-06-17 21:38:33,616 - PrecipitationPipeline - INFO - Created ./data/processed/oya/train/2017-02-07.npz
2026-06-17 21:38:35,667 - PrecipitationPipeline - INFO - Created ./data/processed/oya/train/2017-02-26.npz
2026-06-17 21:38:37,716 - PrecipitationPipeline - INFO - Created ./data/processed/oya/train/2017-02-03.npz
2026-06-17 21:38:39,764 - PrecipitationPipeline - INFO - Created ./data/processed/oya/train/2017-01-19.npz
2026-06-17 21:38:41,800 - PrecipitationPipeline - INFO - Created ./data/processed/oya/train/2017-01-02.npz
2026-06-17 21:38:43,858 - PrecipitationPipeline - INFO - Created ./data/processed/oya/train/2017-01-26.npz
2026-06-17 21:38:45,913 - PrecipitationPipeline - INFO - Created ./data/processed/oya/train/2017-01-23.npz
2026-06-17 21:38:47,972 - PrecipitationPipeline - INFO - Created ./data/processed/oya/train/2017-01-08.npz
2026-06-17 21:38:50,028 - PrecipitationPipeline - INFO - Created ./data/processed/oya/train/2017-01-30.npz
2026-06-17 21:38:52,090 - PrecipitationPipeline - INFO - Created ./data/processed/oya/train/2017-01-29.npz
2026-06-17 21:38:54,126 - PrecipitationPipeline - INFO - Created ./data/processed/oya/train/2017-01-01.npz
2026-06-17 21:38:56,180 - PrecipitationPipeline - INFO - Created ./data/processed/oya/train/2017-01-25.npz
2026-06-17 21:38:58,217 - PrecipitationPipeline - INFO - Created ./data/processed/oya/train/2017-01-10.npz
2026-06-17 21:39:00,252 - PrecipitationPipeline - INFO - Created ./data/processed/oya/train/2017-01-06.npz
2026-06-17 21:39:02,292 - PrecipitationPipeline - INFO - Created ./data/processed/oya/train/2017-06-18.npz
2026-06-17 21:39:04,321 - PrecipitationPipeline - INFO - Created ./data/processed/oya/train/2017-06-16.npz
2026-06-17 21:39:06,360 - PrecipitationPipeline - INFO - Created ./data/processed/oya/train/2017-06-13.npz
2026-06-17 21:39:08,393 - PrecipitationPipeline - INFO - Created ./data/processed/oya/train/2017-06-01.npz
2026-06-17 21:39:10,438 - PrecipitationPipeline - INFO - Created ./data/processed/oya/train/2017-06-14.npz
2026-06-17 21:39:12,679 - PrecipitationPipeline - INFO - Created ./data/processed/oya/train/2017-11-16.npz
2026-06-17 21:39:14,888 - PrecipitationPipeline - INFO - Created ./data/processed/oya/train/2017-11-29.npz
2026-06-17 21:39:16,294 - PrecipitationPipeline - ERROR - Error processing 2017-11-24: [Errno 28] No space left on device
2026-06-17 21:39:17,117 - PrecipitationPipeline - ERROR - Error processing 2017-11-14: [Errno 28] No space left on device
2026-06-17 21:39:17,931 - PrecipitationPipeline - ERROR - Error processing 2017-11-13: [Errno 28] No space left on device
2026-06-17 21:39:18,751 - PrecipitationPipeline - ERROR - Error processing 2017-10-19: [Errno 28] No space left on device
2026-06-17 21:39:19,571 - PrecipitationPipeline - ERROR - Error processing 2017-10-16: [Errno 28] No space left on device
2026-06-17 21:39:20,386 - PrecipitationPipeline - ERROR - Error processing 2017-10-07: [Errno 28] No space left on device
2026-06-17 21:39:21,197 - PrecipitationPipeline - ERROR - Error processing 2017-10-22: [Errno 28] No space left on device
2026-06-17 21:39:22,006 - PrecipitationPipeline - ERROR - Error processing 2017-10-31: [Errno 28] No space left on device
2026-06-17 21:39:22,580 - PrecipitationPipeline - ERROR - Error processing 2017-10-17: [Errno 28] No space left on device: './data/processed/oya/train/2017-10-17.npz'
2026-06-17 21:39:23,387 - PrecipitationPipeline - ERROR - Error processing 2017-10-02: [Errno 28] No space left on device
2026-06-17 21:39:24,204 - PrecipitationPipeline - ERROR - Error processing 2017-10-20: [Errno 28] No space left on device
2026-06-17 21:39:25,014 - PrecipitationPipeline - ERROR - Error processing 2017-10-27: [Errno 28] No space left on device
2026-06-17 21:39:25,820 - PrecipitationPipeline - ERROR - Error processing 2017-09-18: [Errno 28] No space left on device
2026-06-17 21:39:26,626 - PrecipitationPipeline - ERROR - Error processing 2017-09-22: [Errno 28] No space left on device
2026-06-17 21:39:27,433 - PrecipitationPipeline - ERROR - Error processing 2017-09-17: [Errno 28] No space left on device
2026-06-17 21:39:28,248 - PrecipitationPipeline - ERROR - Error processing 2017-05-09: [Errno 28] No space left on device
2026-06-17 21:39:28,829 - PrecipitationPipeline - ERROR - Error processing 2017-05-07: [Errno 28] No space left on device: './data/processed/oya/train/2017-05-07.npz'
2026-06-17 21:39:29,636 - PrecipitationPipeline - ERROR - Error processing 2017-05-11: [Errno 28] No space left on device
2026-06-17 21:39:30,457 - PrecipitationPipeline - ERROR - Error processing 2017-05-25: [Errno 28] No space left on device
2026-06-17 21:39:31,276 - PrecipitationPipeline - ERROR - Error processing 2017-05-20: [Errno 28] No space left on device
2026-06-17 21:39:31,858 - PrecipitationPipeline - ERROR - Error processing 2017-05-30: [Errno 28] No space left on device: './data/processed/oya/train/2017-05-30.npz'
2026-06-17 21:39:32,669 - PrecipitationPipeline - ERROR - Error processing 2017-05-23: [Errno 28] No space left on device
2026-06-17 21:39:33,474 - PrecipitationPipeline - ERROR - Error processing 2017-08-22: [Errno 28] No space left on device
2026-06-17 21:39:34,283 - PrecipitationPipeline - ERROR - Error processing 2017-08-12: [Errno 28] No space left on device
2026-06-17 21:39:34,860 - PrecipitationPipeline - ERROR - Error processing 2017-08-25: [Errno 28] No space left on device: './data/processed/oya/train/2017-08-25.npz'
2026-06-17 21:39:35,656 - PrecipitationPipeline - ERROR - Error processing 2017-08-03: [Errno 28] No space left on device
2026-06-17 21:39:36,459 - PrecipitationPipeline - ERROR - Error processing 2017-08-21: [Errno 28] No space left on device
2026-06-17 21:39:37,263 - PrecipitationPipeline -